<?xml version="1.0" encoding="utf-8"?><testsuites name="pytest tests"><testsuite name="pytest" errors="0" failures="0" skipped="0" tests="49" time="1.550" timestamp="2026-03-15T22:22:26.326011+02:00" hostname="Mac"><testcase classname="tests.sys.test_sys_003_traceability" name="test_TC_SYS_003_001_traceability_matrix_data" file="tests/sys/test_sys_003_traceability.py" line="22" time="0.027"><properties><property name="compliantflow.id" value="TC-SYS-003-001" /><property name="compliantflow.title" value="Traceability Matrix Data (API)" /><property name="compliantflow.links" value="SYS-003" /></properties></testcase><testcase classname="tests.sys.test_sys_003_traceability" name="test_TC_SYS_003_002_traceability_graph" file="tests/sys/test_sys_003_traceability.py" line="53" time="0.024"><properties><property name="compliantflow.id" value="TC-SYS-003-002" /><property name="compliantflow.title" value="Traceability Graph (API)" /><property name="compliantflow.links" value="SYS-003" /></properties></testcase><testcase classname="tests.sys.test_sys_003_traceability" name="test_TC_SYS_003_003_traceability_relationships" file="tests/sys/test_sys_003_traceability.py" line="79" time="0.024"><properties><property name="compliantflow.id" value="TC-SYS-003-003" /><property name="compliantflow.title" value="Traceability Relationships (API)" /><property name="compliantflow.links" value="SYS-003" /></properties></testcase><testcase classname="tests.sys.test_sys_003_traceability" name="test_TC_SYS_003_004_downstream_traceability" file="tests/sys/test_sys_003_traceability.py" line="105" time="0.025"><properties><property name="compliantflow.id" value="TC-SYS-003-004" /><property name="compliantflow.title" value="Downstream Traceability (API)" /><property name="compliantflow.links" value="SYS-003" /></properties></testcase><testcase classname="tests.sys.test_sys_003_traceability" name="test_TC_SYS_003_005_upstream_traceability" file="tests/sys/test_sys_003_traceability.py" line="130" time="0.026"><properties><property name="compliantflow.id" value="TC-SYS-003-005" /><property name="compliantflow.title" value="Upstream Traceability (API)" /><property name="compliantflow.links" value="SYS-003" /></properties></testcase><testcase classname="tests.sys.test_sys_003_traceability" name="test_build_traceability_chains_structure" file="tests/sys/test_sys_003_traceability.py" line="157" time="0.025"><properties><property name="compliantflow.id" value="TC-SYS-003-008" /><property name="compliantflow.title" value="build_traceability_chains API (API)" /><property name="compliantflow.links" value="SYS-003" /></properties></testcase><testcase classname="tests.sys.test_sys_003_traceability" name="test_build_traceability_chains_complete_chain" file="tests/sys/test_sys_003_traceability.py" line="183" time="0.026"><properties><property name="compliantflow.id" value="TC-SYS-003-009" /><property name="compliantflow.title" value="build_traceability_chains complete chain (API)" /><property name="compliantflow.links" value="SYS-003" /></properties></testcase><testcase classname="tests.sys.test_sys_003_traceability" name="test_build_traceability_matrix_structure" file="tests/sys/test_sys_003_traceability.py" line="210" time="0.028"><properties><property name="compliantflow.id" value="TC-SYS-003-015" /><property name="compliantflow.title" value="build_traceability_matrix returns columns + rows (API)" /><property name="compliantflow.links" value="SYS-003" /></properties></testcase><testcase classname="tests.sys.test_sys_003_traceability" name="test_build_traceability_matrix_linked_items" file="tests/sys/test_sys_003_traceability.py" line="235" time="0.030"><properties><property name="compliantflow.id" value="TC-SYS-003-016" /><property name="compliantflow.title" value="build_traceability_matrix rows contain correct IDs (API)" /><property name="compliantflow.links" value="SYS-003" /></properties></testcase><testcase classname="tests.sys.test_sys_003_traceability" name="test_build_traceability_matrix_orphans_included" file="tests/sys/test_sys_003_traceability.py" line="256" time="0.027"><properties><property name="compliantflow.id" value="TC-SYS-003-017" /><property name="compliantflow.title" value="build_traceability_matrix includes orphan rows (API)" /><property name="compliantflow.links" value="SYS-003" /></properties></testcase><testcase classname="tests.sys.test_sys_003_traceability" name="test_build_traceability_matrix_custom_path" file="tests/sys/test_sys_003_traceability.py" line="275" time="0.026"><properties><property name="compliantflow.id" value="TC-SYS-003-018" /><property name="compliantflow.title" value="build_traceability_matrix accepts any doc-type subset (API)" /><property name="compliantflow.links" value="SYS-003" /></properties></testcase><testcase classname="tests.sys.test_sys_003_traceability" name="test_get_item_chain_unknown_item" file="tests/sys/test_sys_003_traceability.py" line="293" time="0.027"><properties><property name="compliantflow.id" value="TC-SYS-003-019" /><property name="compliantflow.title" value="get_item_chain returns None for unknown item (API)" /><property name="compliantflow.links" value="SYS-003" /></properties></testcase><testcase classname="tests.sys.test_sys_003_traceability" name="test_get_item_chain_structure" file="tests/sys/test_sys_003_traceability.py" line="304" time="0.029"><properties><property name="compliantflow.id" value="TC-SYS-003-020" /><property name="compliantflow.title" value="get_item_chain returns root + nodes dict (API)" /><property name="compliantflow.links" value="SYS-003" /></properties></testcase><testcase classname="tests.sys.test_sys_003_traceability" name="test_get_item_chain_transitive_coverage" file="tests/sys/test_sys_003_traceability.py" line="328" time="0.027"><properties><property name="compliantflow.id" value="TC-SYS-003-021" /><property name="compliantflow.title" value="get_item_chain includes all transitively connected items (API)" /><property name="compliantflow.links" value="SYS-003" /></properties></testcase><testcase classname="tests.sys.test_sys_003_traceability" name="test_get_item_chain_direct_neighbours_only" file="tests/sys/test_sys_003_traceability.py" line="352" time="0.027"><properties><property name="compliantflow.id" value="TC-SYS-003-022" /><property name="compliantflow.title" value="get_item_chain upstream/downstream lists are direct only (API)" /><property name="compliantflow.links" value="SYS-003" /></properties></testcase><testcase classname="tests.sys.test_sys_003_traceability" name="test_get_item_chain_leaf_item" file="tests/sys/test_sys_003_traceability.py" line="374" time="0.026"><properties><property name="compliantflow.id" value="TC-SYS-003-023" /><property name="compliantflow.title" value="get_item_chain works for a leaf item with no downstream (API)" /><property name="compliantflow.links" value="SYS-003" /></properties></testcase><testcase classname="tests.sys.test_sys_004_orphan_detection" name="test_TC_SYS_004_001_detect_orphans" file="tests/sys/test_sys_004_orphan_detection.py" line="23" time="0.025"><properties><property name="compliantflow.id" value="TC-SYS-004-001" /><property name="compliantflow.title" value="Detect Orphan Items (API)" /><property name="compliantflow.links" value="SYS-004" /></properties></testcase><testcase classname="tests.sys.test_sys_004_orphan_detection" name="test_TC_SYS_004_002_orphan_exclusions" file="tests/sys/test_sys_004_orphan_detection.py" line="49" time="0.027"><properties><property name="compliantflow.id" value="TC-SYS-004-002" /><property name="compliantflow.title" value="Orphan Exclusions (API)" /><property name="compliantflow.links" value="SYS-004" /></properties></testcase><testcase classname="tests.sys.test_sys_004_orphan_detection" name="test_TC_SYS_004_003_create_orphan_and_detect" file="tests/sys/test_sys_004_orphan_detection.py" line="69" time="0.032"><properties><property name="compliantflow.id" value="TC-SYS-004-003" /><property name="compliantflow.title" value="Create Orphan and Detect (API)" /><property name="compliantflow.links" value="SYS-004" /></properties></testcase><testcase classname="tests.sys.test_sys_004_orphan_detection" name="test_TC_SYS_004_004_orphan_count" file="tests/sys/test_sys_004_orphan_detection.py" line="98" time="0.028"><properties><property name="compliantflow.id" value="TC-SYS-004-004" /><property name="compliantflow.title" value="Orphan Count (API)" /><property name="compliantflow.links" value="SYS-004" /></properties></testcase><testcase classname="tests.sys.test_sys_005_compliance" name="test_TC_SYS_005_001_load_policy_groups" file="tests/sys/test_sys_005_compliance.py" line="22" time="0.037"><properties><property name="compliantflow.id" value="TC-SYS-005-001" /><property name="compliantflow.title" value="Load Policy Groups (API)" /><property name="compliantflow.links" value="SYS-005" /></properties></testcase><testcase classname="tests.sys.test_sys_005_compliance" name="test_TC_SYS_005_002_view_policies" file="tests/sys/test_sys_005_compliance.py" line="45" time="0.027"><properties><property name="compliantflow.id" value="TC-SYS-005-002" /><property name="compliantflow.title" value="View Policy Definitions (API)" /><property name="compliantflow.links" value="SYS-005" /></properties></testcase><testcase classname="tests.sys.test_sys_005_compliance" name="test_TC_SYS_005_003_run_compliance_check" file="tests/sys/test_sys_005_compliance.py" line="71" time="0.027"><properties><property name="compliantflow.id" value="TC-SYS-005-003" /><property name="compliantflow.title" value="Run Compliance Assessment (API)" /><property name="compliantflow.links" value="SYS-005" /></properties></testcase><testcase classname="tests.sys.test_sys_005_compliance" name="test_TC_SYS_005_004_compliance_score_calculation" file="tests/sys/test_sys_005_compliance.py" line="103" time="0.027"><properties><property name="compliantflow.id" value="TC-SYS-005-004" /><property name="compliantflow.title" value="Compliance Score Calculation (API)" /><property name="compliantflow.links" value="SYS-005" /></properties></testcase><testcase classname="tests.sys.test_sys_005_compliance" name="test_TC_SYS_005_005_policy_validation_details" file="tests/sys/test_sys_005_compliance.py" line="127" time="0.028"><properties><property name="compliantflow.id" value="TC-SYS-005-005" /><property name="compliantflow.title" value="Policy Validation Details (API)" /><property name="compliantflow.links" value="SYS-005" /></properties></testcase><testcase classname="tests.sys.test_sys_005_compliance" name="test_TC_SYS_005_006_adapter_document_access" file="tests/sys/test_sys_005_compliance.py" line="151" time="0.025"><properties><property name="compliantflow.id" value="TC-SYS-005-006" /><property name="compliantflow.title" value="Adapter document access API" /><property name="compliantflow.links" value="SYS-005" /></properties></testcase><testcase classname="tests.sys.test_sys_005_compliance" name="test_TC_SYS_005_007_document_content_check" file="tests/sys/test_sys_005_compliance.py" line="176" time="0.039"><properties><property name="compliantflow.id" value="TC-SYS-005-007" /><property name="compliantflow.title" value="document_content policy check" /><property name="compliantflow.links" value="SYS-005" /></properties></testcase><testcase classname="tests.sys.test_sys_005_compliance" name="test_TC_SYS_005_008_attribute_value_check" file="tests/sys/test_sys_005_compliance.py" line="197" time="0.030"><properties><property name="compliantflow.id" value="TC-SYS-005-008" /><property name="compliantflow.title" value="attribute_value policy check" /><property name="compliantflow.links" value="SYS-005" /></properties></testcase><testcase classname="tests.sys.test_sys_006_cli" name="test_TC_SYS_006_001_cf_validate_traceability" file="tests/sys/test_sys_006_cli.py" line="38" time="0.031"><properties><property name="compliantflow.id" value="TC-SYS-006-001" /><property name="compliantflow.title" value="`compliantflow validate traceability` exits 0 (no orphans)" /><property name="compliantflow.links" value="SYS-006" /></properties></testcase><testcase classname="tests.sys.test_sys_006_cli" name="test_TC_SYS_006_002_cf_traceability_matrix" file="tests/sys/test_sys_006_cli.py" line="51" time="0.026"><properties><property name="compliantflow.id" value="TC-SYS-006-002" /><property name="compliantflow.title" value="`compliantflow traceability matrix` exits 0 and outputs" /><property name="compliantflow.links" value="SYS-006" /></properties></testcase><testcase classname="tests.sys.test_sys_006_cli" name="test_TC_SYS_006_003_cf_validate_compliance" file="tests/sys/test_sys_006_cli.py" line="73" time="0.026"><properties><property name="compliantflow.id" value="TC-SYS-006-003" /><property name="compliantflow.title" value="`compliantflow validate compliance` exits and outputs JSON report." /><property name="compliantflow.links" value="SYS-006" /></properties></testcase><testcase classname="tests.sys.test_sys_006_cli" name="test_TC_SYS_006_004_utils_item_list_json" file="tests/sys/test_sys_006_cli.py" line="97" time="0.025"><properties><property name="compliantflow.id" value="TC-SYS-006-004" /><property name="compliantflow.title" value="`utils item list` exits 0 and outputs JSON items on stdout." /><property name="compliantflow.links" value="SYS-006" /></properties></testcase><testcase classname="tests.sys.test_sys_006_cli" name="test_TC_SYS_006_005_utils_validate_schema" file="tests/sys/test_sys_006_cli.py" line="112" time="0.028"><properties><property name="compliantflow.id" value="TC-SYS-006-005" /><property name="compliantflow.title" value="`utils validate schema` exits 0 for a valid DHF." /><property name="compliantflow.links" value="SYS-006" /></properties></testcase><testcase classname="tests.sys.test_sys_006_cli" name="test_TC_SYS_006_006_cli_stdout_json_parseable" file="tests/sys/test_sys_006_cli.py" line="124" time="0.024"><properties><property name="compliantflow.id" value="TC-SYS-006-006" /><property name="compliantflow.title" value="utils item list output contains parseable JSON objects;" /><property name="compliantflow.links" value="SYS-006" /></properties></testcase><testcase classname="tests.sys.test_sys_033_test_import" name="test_TC_SYS_033_001_parse_junit_xml" file="tests/sys/test_sys_033_test_import.py" line="86" time="0.016"><properties><property name="compliantflow.id" value="TC-SYS-033-001" /><property name="compliantflow.title" value="parse_junit_xml extracts TC IDs and statuses correctly." /><property name="compliantflow.links" value="SYS-007" /></properties></testcase><testcase classname="tests.sys.test_sys_033_test_import" name="test_TC_SYS_033_002_pass_import_marks_item_verified" file="tests/sys/test_sys_033_test_import.py" line="135" time="0.029"><properties><property name="compliantflow.id" value="TC-SYS-033-002" /><property name="compliantflow.title" value="recording a PASS result and refreshing sets" /><property name="compliantflow.links" value="SYS-007" /></properties></testcase><testcase classname="tests.sys.test_sys_033_test_import" name="test_TC_SYS_033_003_fail_import_marks_item_failed" file="tests/sys/test_sys_033_test_import.py" line="159" time="0.029"><properties><property name="compliantflow.id" value="TC-SYS-033-003" /><property name="compliantflow.title" value="recording a FAIL result and refreshing sets" /><property name="compliantflow.links" value="SYS-007" /></properties></testcase><testcase classname="tests.sys.test_sys_033_test_import" name="test_TC_SYS_033_004_non_tc_tests_skipped" file="tests/sys/test_sys_033_test_import.py" line="185" time="0.016"><properties><property name="compliantflow.id" value="TC-SYS-033-004" /><property name="compliantflow.title" value="parse_junit_xml silently ignores testcases that have" /><property name="compliantflow.links" value="SYS-007" /></properties></testcase><testcase classname="tests.sys.test_sys_033_test_import" name="test_TC_SYS_033_005_review_fields_via_import" file="tests/sys/test_sys_033_test_import.py" line="207" time="0.028"><properties><property name="compliantflow.id" value="TC-SYS-033-005" /><property name="compliantflow.title" value="import persists reviewer/review_date/review_status" /><property name="compliantflow.links" value="SYS-007" /></properties></testcase><testcase classname="tests.sys.test_sys_033_test_import" name="test_TC_SYS_033_006_cli_test_import" file="tests/sys/test_sys_033_test_import.py" line="251" time="0.028"><properties><property name="compliantflow.id" value="TC-SYS-033-006" /><property name="compliantflow.title" value="`test import` exits 0 and stdout contains JSON summary" /><property name="compliantflow.links" value="SYS-007" /></properties></testcase><testcase classname="tests.sys.test_sys_033_test_import" name="test_TC_SYS_033_007_cli_test_list_filter" file="tests/sys/test_sys_033_test_import.py" line="288" time="0.023"><properties><property name="compliantflow.id" value="TC-SYS-033-007" /><property name="compliantflow.title" value="`test list --status PASS` returns only PASS records." /><property name="compliantflow.links" value="SYS-007" /></properties></testcase><testcase classname="tests.sys.test_sys_034_boundary.TestComponentBoundary" name="test_TC_SYS_034_001_no_prohibited_imports_outside_adapter" file="tests/sys/test_sys_034_boundary.py" line="65" time="0.011"><properties><property name="compliantflow.id" value="TC-SYS-034-001" /><property name="compliantflow.title" value="No file in compliantflow/ imports prohibited DHF I/O" /><property name="compliantflow.links" value="SYS-008" /></properties></testcase><testcase classname="tests.sys.test_sys_034_boundary.TestComponentBoundary" name="test_TC_SYS_034_002_dhf_local_adapter_uses_utils" file="tests/sys/test_sys_034_boundary.py" line="92" time="0.003"><properties><property name="compliantflow.id" value="TC-SYS-034-002" /><property name="compliantflow.title" value="DHF/utils/local_adapter.py imports only utils.* modules" /><property name="compliantflow.links" value="SYS-008" /></properties></testcase><testcase classname="tests.sys.test_sys_034_boundary.TestComponentBoundary" name="test_TC_SYS_034_003_no_local_adapter_in_compliantflow" file="tests/sys/test_sys_034_boundary.py" line="134" time="0.000"><properties><property name="compliantflow.id" value="TC-SYS-034-003" /><property name="compliantflow.title" value="compliantflow/adapters/local.py does NOT exist —" /><property name="compliantflow.links" value="SYS-008" /></properties></testcase><testcase classname="tests.crs.test_crs_002" name="test_TC_CRS_002_003_navigate_parent_links" file="tests/crs/test_crs_002.py" line="9" time="0.024"><properties><property name="compliantflow.id" value="TC-CRS-002-003" /><property name="compliantflow.title" value="Navigate Parent Links via API" /><property name="compliantflow.links" value="CRS-002" /></properties></testcase><testcase classname="tests.crs.test_crs_008" name="test_TC_CRS_008_001_view_requirement_with_traceability" file="tests/crs/test_crs_008.py" line="10" time="0.024"><properties><property name="compliantflow.id" value="TC-CRS-008-001" /><property name="compliantflow.title" value="View Requirement with Traceability Data via API" /><property name="compliantflow.links" value="CRS-008" /></properties></testcase><testcase classname="tests.crs.test_crs_008" name="test_TC_CRS_008_002_srs_items_have_upstream_traceability" file="tests/crs/test_crs_008.py" line="37" time="0.024"><properties><property name="compliantflow.id" value="TC-CRS-008-002" /><property name="compliantflow.title" value="SRS items form a complete upstream traceability chain" /><property name="compliantflow.links" value="CRS-008" /></properties></testcase><testcase classname="tests.crs.test_crs_011" name="test_TC_CRS_011_001_policy_group_contains_required_sections" file="tests/crs/test_crs_011.py" line="9" time="0.025"><properties><property name="compliantflow.id" value="TC-CRS-011-001" /><property name="compliantflow.title" value="IEC 62304 Policy Group Contains Expected Section IDs" /><property name="compliantflow.links" value="CRS-011" /></properties></testcase><testcase classname="tests.crs.test_crs_011" name="test_TC_CRS_011_002_run_compliance_check" file="tests/crs/test_crs_011.py" line="34" time="0.026"><properties><property name="compliantflow.id" value="TC-CRS-011-002" /><property name="compliantflow.title" value="Run IEC 62304 Compliance Check via API" /><property name="compliantflow.links" value="CRS-011" /></properties></testcase></testsuite></testsuites>